// Jest Snapshot v1, https://goo.gl/fbAQLP

exports[`App component App component matches snapshot 1`] = `
<div>
  <div
    className="nav-bar-wrapper"
  >
    <p
      data-testid="time-element"
    />
    <h3>
      statistics
    </h3>
    <svg
      data-testid="microphone-icon"
      fill="currentColor"
      height="1em"
      stroke="currentColor"
      strokeWidth="0"
      style={
        Object {
          "color": undefined,
        }
      }
      viewBox="0 0 352 512"
      width="1em"
      xmlns="http://www.w3.org/2000/svg"
    >
      <path
        d="M176 352c53.02 0 96-42.98 96-96V96c0-53.02-42.98-96-96-96S80 42.98 80 96v160c0 53.02 42.98 96 96 96zm160-160h-16c-8.84 0-16 7.16-16 16v48c0 74.8-64.49 134.82-140.79 127.38C96.71 376.89 48 317.11 48 250.3V208c0-8.84-7.16-16-16-16H16c-8.84 0-16 7.16-16 16v40.16c0 89.64 63.97 169.55 152 181.69V464H96c-8.84 0-16 7.16-16 16v16c0 8.84 7.16 16 16 16h160c8.84 0 16-7.16 16-16v-16c0-8.84-7.16-16-16-16h-56v-33.77C285.71 418.47 352 344.9 352 256v-48c0-8.84-7.16-16-16-16z"
      />
    </svg>
    <svg
      data-testid="setting-icon"
      fill="none"
      height="1em"
      stroke="currentColor"
      strokeLinecap="round"
      strokeLinejoin="round"
      strokeWidth="2"
      style={
        Object {
          "color": undefined,
        }
      }
      viewBox="0 0 24 24"
      width="1em"
      xmlns="http://www.w3.org/2000/svg"
    >
      <circle
        cx="12"
        cy="12"
        r="3"
      />
      <path
        d="M19.4 15a1.65 1.65 0 0 0 .33 1.82l.06.06a2 2 0 0 1 0 2.83 2 2 0 0 1-2.83 0l-.06-.06a1.65 1.65 0 0 0-1.82-.33 1.65 1.65 0 0 0-1 1.51V21a2 2 0 0 1-2 2 2 2 0 0 1-2-2v-.09A1.65 1.65 0 0 0 9 19.4a1.65 1.65 0 0 0-1.82.33l-.06.06a2 2 0 0 1-2.83 0 2 2 0 0 1 0-2.83l.06-.06a1.65 1.65 0 0 0 .33-1.82 1.65 1.65 0 0 0-1.51-1H3a2 2 0 0 1-2-2 2 2 0 0 1 2-2h.09A1.65 1.65 0 0 0 4.6 9a1.65 1.65 0 0 0-.33-1.82l-.06-.06a2 2 0 0 1 0-2.83 2 2 0 0 1 2.83 0l.06.06a1.65 1.65 0 0 0 1.82.33H9a1.65 1.65 0 0 0 1-1.51V3a2 2 0 0 1 2-2 2 2 0 0 1 2 2v.09a1.65 1.65 0 0 0 1 1.51 1.65 1.65 0 0 0 1.82-.33l.06-.06a2 2 0 0 1 2.83 0 2 2 0 0 1 0 2.83l-.06.06a1.65 1.65 0 0 0-.33 1.82V9a1.65 1.65 0 0 0 1.51 1H21a2 2 0 0 1 2 2 2 2 0 0 1-2 2h-.09a1.65 1.65 0 0 0-1.51 1z"
      />
    </svg>
  </div>
  <section
    className="country-page"
  >
    <div
      className="country-page-top"
    >
      <img
        alt="world map"
        className="world-map-img"
        src="world-map.jpg"
      />
      <input
        className="search-bar"
        onChange={[Function]}
        placeholder="Search country by name"
        type="text"
        value=""
      />
    </div>
    <div
      className="country-page-center"
    >
      <h3>
        Countries
      </h3>
      <select
        className="dropdown"
        onChange={[Function]}
        value="All"
      >
        <option
          value="All"
        >
          All
        </option>
        <option />
      </select>
    </div>
    <div
      className="list-countries-wrapper"
    >
      <div
        className="list-countries"
        data-testid="country-item"
      >
        <a
          href="/country/Country 1"
          onClick={[Function]}
        >
          <img
            alt="national flag"
            className="national-flag"
            src="Flag 1"
          />
          <h3
            className="country-name-display"
          >
            Country 1
          </h3>
          <p
            className="continent-name"
          />
          <p
            className="country-area"
          >
             
            km²
          </p>
        </a>
      </div>
      <div
        className="list-countries"
        data-testid="country-item"
      >
        <a
          href="/country/Country 2"
          onClick={[Function]}
        >
          <img
            alt="national flag"
            className="national-flag"
            src="Flag 2"
          />
          <h3
            className="country-name-display"
          >
            Country 2
          </h3>
          <p
            className="continent-name"
          />
          <p
            className="country-area"
          >
             
            km²
          </p>
        </a>
      </div>
    </div>
  </section>
</div>
`;
